03:40:34 **** Build of configuration Debug for project lcd1 ****
make -j12 all 
arm-none-eabi-gcc "C:/Users/ddpat/STM32Cube/Repository/STM32Cube_FW_F7_V1.17.2/Drivers/STM32F7xx_HAL_Driver/Src/stm32f7xx_hal.c" -mcpu=cortex-m7 -std=gnu11 -g3 -DDEBUG -DUSE_HAL_DRIVER -DSTM32F767xx -c -I../Core/Inc -IC:/Users/ddpat/STM32Cube/Repository/STM32Cube_FW_F7_V1.17.2/Drivers/STM32F7xx_HAL_Driver/Inc -IC:/Users/ddpat/STM32Cube/Repository/STM32Cube_FW_F7_V1.17.2/Drivers/STM32F7xx_HAL_Driver/Inc/Legacy -IC:/Users/ddpat/STM32Cube/Repository/STM32Cube_FW_F7_V1.17.2/Drivers/CMSIS/Device/ST/STM32F7xx/Include -IC:/Users/ddpat/STM32Cube/Repository/STM32Cube_FW_F7_V1.17.2/Drivers/CMSIS/Include -O0 -ffunction-sections -fdata-sections -Wall -fstack-usage -fcyclomatic-complexity -MMD -MP -MF"Drivers/STM32F7xx_HAL_Driver/stm32f7xx_hal.d" -MT"Drivers/STM32F7xx_HAL_Driver/stm32f7xx_hal.o" --specs=nano.specs -mfpu=fpv5-d16 -mfloat-abi=hard -mthumb -o "Drivers/STM32F7xx_HAL_Driver/stm32f7xx_hal.o"
arm-none-eabi-gcc "C:/Users/ddpat/STM32Cube/Repository/STM32Cube_FW_F7_V1.17.2/Drivers/STM32F7xx_HAL_Driver/Src/stm32f7xx_hal_adc.c" -mcpu=cortex-m7 -std=gnu11 -g3 -DDEBUG -DUSE_HAL_DRIVER -DSTM32F767xx -c -I../Core/Inc -IC:/Users/ddpat/STM32Cube/Repository/STM32Cube_FW_F7_V1.17.2/Drivers/STM32F7xx_HAL_Driver/Inc -IC:/Users/ddpat/STM32Cube/Repository/STM32Cube_FW_F7_V1.17.2/Drivers/STM32F7xx_HAL_Driver/Inc/Legacy -IC:/Users/ddpat/STM32Cube/Repository/STM32Cube_FW_F7_V1.17.2/Drivers/CMSIS/Device/ST/STM32F7xx/Include -IC:/Users/ddpat/STM32Cube/Repository/STM32Cube_FW_F7_V1.17.2/Drivers/CMSIS/Include -O0 -ffunction-sections -fdata-sections -Wall -fstack-usage -fcyclomatic-complexity -MMD -MP -MF"Drivers/STM32F7xx_HAL_Driver/stm32f7xx_hal_adc.d" -MT"Drivers/STM32F7xx_HAL_Driver/stm32f7xx_hal_adc.o" --specs=nano.specs -mfpu=fpv5-d16 -mfloat-abi=hard -mthumb -o "Drivers/STM32F7xx_HAL_Driver/stm32f7xx_hal_adc.o"
arm-none-eabi-gcc "C:/Users/ddpat/STM32Cube/Repository/STM32Cube_FW_F7_V1.17.2/Drivers/STM32F7xx_HAL_Driver/Src/stm32f7xx_hal_adc_ex.c" -mcpu=cortex-m7 -std=gnu11 -g3 -DDEBUG -DUSE_HAL_DRIVER -DSTM32F767xx -c -I../Core/Inc -IC:/Users/ddpat/STM32Cube/Repository/STM32Cube_FW_F7_V1.17.2/Drivers/STM32F7xx_HAL_Driver/Inc -IC:/Users/ddpat/STM32Cube/Repository/STM32Cube_FW_F7_V1.17.2/Drivers/STM32F7xx_HAL_Driver/Inc/Legacy -IC:/Users/ddpat/STM32Cube/Repository/STM32Cube_FW_F7_V1.17.2/Drivers/CMSIS/Device/ST/STM32F7xx/Include -IC:/Users/ddpat/STM32Cube/Repository/STM32Cube_FW_F7_V1.17.2/Drivers/CMSIS/Include -O0 -ffunction-sections -fdata-sections -Wall -fstack-usage -fcyclomatic-complexity -MMD -MP -MF"Drivers/STM32F7xx_HAL_Driver/stm32f7xx_hal_adc_ex.d" -MT"Drivers/STM32F7xx_HAL_Driver/stm32f7xx_hal_adc_ex.o" --specs=nano.specs -mfpu=fpv5-d16 -mfloat-abi=hard -mthumb -o "Drivers/STM32F7xx_HAL_Driver/stm32f7xx_hal_adc_ex.o"
arm-none-eabi-gcc "C:/Users/ddpat/STM32Cube/Repository/STM32Cube_FW_F7_V1.17.2/Drivers/STM32F7xx_HAL_Driver/Src/stm32f7xx_hal_cortex.c" -mcpu=cortex-m7 -std=gnu11 -g3 -DDEBUG -DUSE_HAL_DRIVER -DSTM32F767xx -c -I../Core/Inc -IC:/Users/ddpat/STM32Cube/Repository/STM32Cube_FW_F7_V1.17.2/Drivers/STM32F7xx_HAL_Driver/Inc -IC:/Users/ddpat/STM32Cube/Repository/STM32Cube_FW_F7_V1.17.2/Drivers/STM32F7xx_HAL_Driver/Inc/Legacy -IC:/Users/ddpat/STM32Cube/Repository/STM32Cube_FW_F7_V1.17.2/Drivers/CMSIS/Device/ST/STM32F7xx/Include -IC:/Users/ddpat/STM32Cube/Repository/STM32Cube_FW_F7_V1.17.2/Drivers/CMSIS/Include -O0 -ffunction-sections -fdata-sections -Wall -fstack-usage -fcyclomatic-complexity -MMD -MP -MF"Drivers/STM32F7xx_HAL_Driver/stm32f7xx_hal_cortex.d" -MT"Drivers/STM32F7xx_HAL_Driver/stm32f7xx_hal_cortex.o" --specs=nano.specs -mfpu=fpv5-d16 -mfloat-abi=hard -mthumb -o "Drivers/STM32F7xx_HAL_Driver/stm32f7xx_hal_cortex.o"
arm-none-eabi-gcc "C:/Users/ddpat/STM32Cube/Repository/STM32Cube_FW_F7_V1.17.2/Drivers/STM32F7xx_HAL_Driver/Src/stm32f7xx_hal_dma.c" -mcpu=cortex-m7 -std=gnu11 -g3 -DDEBUG -DUSE_HAL_DRIVER -DSTM32F767xx -c -I../Core/Inc -IC:/Users/ddpat/STM32Cube/Repository/STM32Cube_FW_F7_V1.17.2/Drivers/STM32F7xx_HAL_Driver/Inc -IC:/Users/ddpat/STM32Cube/Repository/STM32Cube_FW_F7_V1.17.2/Drivers/STM32F7xx_HAL_Driver/Inc/Legacy -IC:/Users/ddpat/STM32Cube/Repository/STM32Cube_FW_F7_V1.17.2/Drivers/CMSIS/Device/ST/STM32F7xx/Include -IC:/Users/ddpat/STM32Cube/Repository/STM32Cube_FW_F7_V1.17.2/Drivers/CMSIS/Include -O0 -ffunction-sections -fdata-sections -Wall -fstack-usage -fcyclomatic-complexity -MMD -MP -MF"Drivers/STM32F7xx_HAL_Driver/stm32f7xx_hal_dma.d" -MT"Drivers/STM32F7xx_HAL_Driver/stm32f7xx_hal_dma.o" --specs=nano.specs -mfpu=fpv5-d16 -mfloat-abi=hard -mthumb -o "Drivers/STM32F7xx_HAL_Driver/stm32f7xx_hal_dma.o"
arm-none-eabi-gcc "C:/Users/ddpat/STM32Cube/Repository/STM32Cube_FW_F7_V1.17.2/Drivers/STM32F7xx_HAL_Driver/Src/stm32f7xx_hal_dma_ex.c" -mcpu=cortex-m7 -std=gnu11 -g3 -DDEBUG -DUSE_HAL_DRIVER -DSTM32F767xx -c -I../Core/Inc -IC:/Users/ddpat/STM32Cube/Repository/STM32Cube_FW_F7_V1.17.2/Drivers/STM32F7xx_HAL_Driver/Inc -IC:/Users/ddpat/STM32Cube/Repository/STM32Cube_FW_F7_V1.17.2/Drivers/STM32F7xx_HAL_Driver/Inc/Legacy -IC:/Users/ddpat/STM32Cube/Repository/STM32Cube_FW_F7_V1.17.2/Drivers/CMSIS/Device/ST/STM32F7xx/Include -IC:/Users/ddpat/STM32Cube/Repository/STM32Cube_FW_F7_V1.17.2/Drivers/CMSIS/Include -O0 -ffunction-sections -fdata-sections -Wall -fstack-usage -fcyclomatic-complexity -MMD -MP -MF"Drivers/STM32F7xx_HAL_Driver/stm32f7xx_hal_dma_ex.d" -MT"Drivers/STM32F7xx_HAL_Driver/stm32f7xx_hal_dma_ex.o" --specs=nano.specs -mfpu=fpv5-d16 -mfloat-abi=hard -mthumb -o "Drivers/STM32F7xx_HAL_Driver/stm32f7xx_hal_dma_ex.o"
arm-none-eabi-gcc "C:/Users/ddpat/STM32Cube/Repository/STM32Cube_FW_F7_V1.17.2/Drivers/STM32F7xx_HAL_Driver/Src/stm32f7xx_hal_exti.c" -mcpu=cortex-m7 -std=gnu11 -g3 -DDEBUG -DUSE_HAL_DRIVER -DSTM32F767xx -c -I../Core/Inc -IC:/Users/ddpat/STM32Cube/Repository/STM32Cube_FW_F7_V1.17.2/Drivers/STM32F7xx_HAL_Driver/Inc -IC:/Users/ddpat/STM32Cube/Repository/STM32Cube_FW_F7_V1.17.2/Drivers/STM32F7xx_HAL_Driver/Inc/Legacy -IC:/Users/ddpat/STM32Cube/Repository/STM32Cube_FW_F7_V1.17.2/Drivers/CMSIS/Device/ST/STM32F7xx/Include -IC:/Users/ddpat/STM32Cube/Repository/STM32Cube_FW_F7_V1.17.2/Drivers/CMSIS/Include -O0 -ffunction-sections -fdata-sections -Wall -fstack-usage -fcyclomatic-complexity -MMD -MP -MF"Drivers/STM32F7xx_HAL_Driver/stm32f7xx_hal_exti.d" -MT"Drivers/STM32F7xx_HAL_Driver/stm32f7xx_hal_exti.o" --specs=nano.specs -mfpu=fpv5-d16 -mfloat-abi=hard -mthumb -o "Drivers/STM32F7xx_HAL_Driver/stm32f7xx_hal_exti.o"
arm-none-eabi-gcc "C:/Users/ddpat/STM32Cube/Repository/STM32Cube_FW_F7_V1.17.2/Drivers/STM32F7xx_HAL_Driver/Src/stm32f7xx_hal_flash.c" -mcpu=cortex-m7 -std=gnu11 -g3 -DDEBUG -DUSE_HAL_DRIVER -DSTM32F767xx -c -I../Core/Inc -IC:/Users/ddpat/STM32Cube/Repository/STM32Cube_FW_F7_V1.17.2/Drivers/STM32F7xx_HAL_Driver/Inc -IC:/Users/ddpat/STM32Cube/Repository/STM32Cube_FW_F7_V1.17.2/Drivers/STM32F7xx_HAL_Driver/Inc/Legacy -IC:/Users/ddpat/STM32Cube/Repository/STM32Cube_FW_F7_V1.17.2/Drivers/CMSIS/Device/ST/STM32F7xx/Include -IC:/Users/ddpat/STM32Cube/Repository/STM32Cube_FW_F7_V1.17.2/Drivers/CMSIS/Include -O0 -ffunction-sections -fdata-sections -Wall -fstack-usage -fcyclomatic-complexity -MMD -MP -MF"Drivers/STM32F7xx_HAL_Driver/stm32f7xx_hal_flash.d" -MT"Drivers/STM32F7xx_HAL_Driver/stm32f7xx_hal_flash.o" --specs=nano.specs -mfpu=fpv5-d16 -mfloat-abi=hard -mthumb -o "Drivers/STM32F7xx_HAL_Driver/stm32f7xx_hal_flash.o"
arm-none-eabi-gcc "C:/Users/ddpat/STM32Cube/Repository/STM32Cube_FW_F7_V1.17.2/Drivers/STM32F7xx_HAL_Driver/Src/stm32f7xx_hal_flash_ex.c" -mcpu=cortex-m7 -std=gnu11 -g3 -DDEBUG -DUSE_HAL_DRIVER -DSTM32F767xx -c -I../Core/Inc -IC:/Users/ddpat/STM32Cube/Repository/STM32Cube_FW_F7_V1.17.2/Drivers/STM32F7xx_HAL_Driver/Inc -IC:/Users/ddpat/STM32Cube/Repository/STM32Cube_FW_F7_V1.17.2/Drivers/STM32F7xx_HAL_Driver/Inc/Legacy -IC:/Users/ddpat/STM32Cube/Repository/STM32Cube_FW_F7_V1.17.2/Drivers/CMSIS/Device/ST/STM32F7xx/Include -IC:/Users/ddpat/STM32Cube/Repository/STM32Cube_FW_F7_V1.17.2/Drivers/CMSIS/Include -O0 -ffunction-sections -fdata-sections -Wall -fstack-usage -fcyclomatic-complexity -MMD -MP -MF"Drivers/STM32F7xx_HAL_Driver/stm32f7xx_hal_flash_ex.d" -MT"Drivers/STM32F7xx_HAL_Driver/stm32f7xx_hal_flash_ex.o" --specs=nano.specs -mfpu=fpv5-d16 -mfloat-abi=hard -mthumb -o "Drivers/STM32F7xx_HAL_Driver/stm32f7xx_hal_flash_ex.o"
arm-none-eabi-gcc "C:/Users/ddpat/STM32Cube/Repository/STM32Cube_FW_F7_V1.17.2/Drivers/STM32F7xx_HAL_Driver/Src/stm32f7xx_hal_gpio.c" -mcpu=cortex-m7 -std=gnu11 -g3 -DDEBUG -DUSE_HAL_DRIVER -DSTM32F767xx -c -I../Core/Inc -IC:/Users/ddpat/STM32Cube/Repository/STM32Cube_FW_F7_V1.17.2/Drivers/STM32F7xx_HAL_Driver/Inc -IC:/Users/ddpat/STM32Cube/Repository/STM32Cube_FW_F7_V1.17.2/Drivers/STM32F7xx_HAL_Driver/Inc/Legacy -IC:/Users/ddpat/STM32Cube/Repository/STM32Cube_FW_F7_V1.17.2/Drivers/CMSIS/Device/ST/STM32F7xx/Include -IC:/Users/ddpat/STM32Cube/Repository/STM32Cube_FW_F7_V1.17.2/Drivers/CMSIS/Include -O0 -ffunction-sections -fdata-sections -Wall -fstack-usage -fcyclomatic-complexity -MMD -MP -MF"Drivers/STM32F7xx_HAL_Driver/stm32f7xx_hal_gpio.d" -MT"Drivers/STM32F7xx_HAL_Driver/stm32f7xx_hal_gpio.o" --specs=nano.specs -mfpu=fpv5-d16 -mfloat-abi=hard -mthumb -o "Drivers/STM32F7xx_HAL_Driver/stm32f7xx_hal_gpio.o"
arm-none-eabi-gcc "C:/Users/ddpat/STM32Cube/Repository/STM32Cube_FW_F7_V1.17.2/Drivers/STM32F7xx_HAL_Driver/Src/stm32f7xx_hal_i2c.c" -mcpu=cortex-m7 -std=gnu11 -g3 -DDEBUG -DUSE_HAL_DRIVER -DSTM32F767xx -c -I../Core/Inc -IC:/Users/ddpat/STM32Cube/Repository/STM32Cube_FW_F7_V1.17.2/Drivers/STM32F7xx_HAL_Driver/Inc -IC:/Users/ddpat/STM32Cube/Repository/STM32Cube_FW_F7_V1.17.2/Drivers/STM32F7xx_HAL_Driver/Inc/Legacy -IC:/Users/ddpat/STM32Cube/Repository/STM32Cube_FW_F7_V1.17.2/Drivers/CMSIS/Device/ST/STM32F7xx/Include -IC:/Users/ddpat/STM32Cube/Repository/STM32Cube_FW_F7_V1.17.2/Drivers/CMSIS/Include -O0 -ffunction-sections -fdata-sections -Wall -fstack-usage -fcyclomatic-complexity -MMD -MP -MF"Drivers/STM32F7xx_HAL_Driver/stm32f7xx_hal_i2c.d" -MT"Drivers/STM32F7xx_HAL_Driver/stm32f7xx_hal_i2c.o" --specs=nano.specs -mfpu=fpv5-d16 -mfloat-abi=hard -mthumb -o "Drivers/STM32F7xx_HAL_Driver/stm32f7xx_hal_i2c.o"
arm-none-eabi-gcc "C:/Users/ddpat/STM32Cube/Repository/STM32Cube_FW_F7_V1.17.2/Drivers/STM32F7xx_HAL_Driver/Src/stm32f7xx_hal_i2c_ex.c" -mcpu=cortex-m7 -std=gnu11 -g3 -DDEBUG -DUSE_HAL_DRIVER -DSTM32F767xx -c -I../Core/Inc -IC:/Users/ddpat/STM32Cube/Repository/STM32Cube_FW_F7_V1.17.2/Drivers/STM32F7xx_HAL_Driver/Inc -IC:/Users/ddpat/STM32Cube/Repository/STM32Cube_FW_F7_V1.17.2/Drivers/STM32F7xx_HAL_Driver/Inc/Legacy -IC:/Users/ddpat/STM32Cube/Repository/STM32Cube_FW_F7_V1.17.2/Drivers/CMSIS/Device/ST/STM32F7xx/Include -IC:/Users/ddpat/STM32Cube/Repository/STM32Cube_FW_F7_V1.17.2/Drivers/CMSIS/Include -O0 -ffunction-sections -fdata-sections -Wall -fstack-usage -fcyclomatic-complexity -MMD -MP -MF"Drivers/STM32F7xx_HAL_Driver/stm32f7xx_hal_i2c_ex.d" -MT"Drivers/STM32F7xx_HAL_Driver/stm32f7xx_hal_i2c_ex.o" --specs=nano.specs -mfpu=fpv5-d16 -mfloat-abi=hard -mthumb -o "Drivers/STM32F7xx_HAL_Driver/stm32f7xx_hal_i2c_ex.o"
arm-none-eabi-gcc "C:/Users/ddpat/STM32Cube/Repository/STM32Cube_FW_F7_V1.17.2/Drivers/STM32F7xx_HAL_Driver/Src/stm32f7xx_hal_pwr.c" -mcpu=cortex-m7 -std=gnu11 -g3 -DDEBUG -DUSE_HAL_DRIVER -DSTM32F767xx -c -I../Core/Inc -IC:/Users/ddpat/STM32Cube/Repository/STM32Cube_FW_F7_V1.17.2/Drivers/STM32F7xx_HAL_Driver/Inc -IC:/Users/ddpat/STM32Cube/Repository/STM32Cube_FW_F7_V1.17.2/Drivers/STM32F7xx_HAL_Driver/Inc/Legacy -IC:/Users/ddpat/STM32Cube/Repository/STM32Cube_FW_F7_V1.17.2/Drivers/CMSIS/Device/ST/STM32F7xx/Include -IC:/Users/ddpat/STM32Cube/Repository/STM32Cube_FW_F7_V1.17.2/Drivers/CMSIS/Include -O0 -ffunction-sections -fdata-sections -Wall -fstack-usage -fcyclomatic-complexity -MMD -MP -MF"Drivers/STM32F7xx_HAL_Driver/stm32f7xx_hal_pwr.d" -MT"Drivers/STM32F7xx_HAL_Driver/stm32f7xx_hal_pwr.o" --specs=nano.specs -mfpu=fpv5-d16 -mfloat-abi=hard -mthumb -o "Drivers/STM32F7xx_HAL_Driver/stm32f7xx_hal_pwr.o"
arm-none-eabi-gcc "C:/Users/ddpat/STM32Cube/Repository/STM32Cube_FW_F7_V1.17.2/Drivers/STM32F7xx_HAL_Driver/Src/stm32f7xx_hal_pwr_ex.c" -mcpu=cortex-m7 -std=gnu11 -g3 -DDEBUG -DUSE_HAL_DRIVER -DSTM32F767xx -c -I../Core/Inc -IC:/Users/ddpat/STM32Cube/Repository/STM32Cube_FW_F7_V1.17.2/Drivers/STM32F7xx_HAL_Driver/Inc -IC:/Users/ddpat/STM32Cube/Repository/STM32Cube_FW_F7_V1.17.2/Drivers/STM32F7xx_HAL_Driver/Inc/Legacy -IC:/Users/ddpat/STM32Cube/Repository/STM32Cube_FW_F7_V1.17.2/Drivers/CMSIS/Device/ST/STM32F7xx/Include -IC:/Users/ddpat/STM32Cube/Repository/STM32Cube_FW_F7_V1.17.2/Drivers/CMSIS/Include -O0 -ffunction-sections -fdata-sections -Wall -fstack-usage -fcyclomatic-complexity -MMD -MP -MF"Drivers/STM32F7xx_HAL_Driver/stm32f7xx_hal_pwr_ex.d" -MT"Drivers/STM32F7xx_HAL_Driver/stm32f7xx_hal_pwr_ex.o" --specs=nano.specs -mfpu=fpv5-d16 -mfloat-abi=hard -mthumb -o "Drivers/STM32F7xx_HAL_Driver/stm32f7xx_hal_pwr_ex.o"
arm-none-eabi-gcc "C:/Users/ddpat/STM32Cube/Repository/STM32Cube_FW_F7_V1.17.2/Drivers/STM32F7xx_HAL_Driver/Src/stm32f7xx_hal_rcc.c" -mcpu=cortex-m7 -std=gnu11 -g3 -DDEBUG -DUSE_HAL_DRIVER -DSTM32F767xx -c -I../Core/Inc -IC:/Users/ddpat/STM32Cube/Repository/STM32Cube_FW_F7_V1.17.2/Drivers/STM32F7xx_HAL_Driver/Inc -IC:/Users/ddpat/STM32Cube/Repository/STM32Cube_FW_F7_V1.17.2/Drivers/STM32F7xx_HAL_Driver/Inc/Legacy -IC:/Users/ddpat/STM32Cube/Repository/STM32Cube_FW_F7_V1.17.2/Drivers/CMSIS/Device/ST/STM32F7xx/Include -IC:/Users/ddpat/STM32Cube/Repository/STM32Cube_FW_F7_V1.17.2/Drivers/CMSIS/Include -O0 -ffunction-sections -fdata-sections -Wall -fstack-usage -fcyclomatic-complexity -MMD -MP -MF"Drivers/STM32F7xx_HAL_Driver/stm32f7xx_hal_rcc.d" -MT"Drivers/STM32F7xx_HAL_Driver/stm32f7xx_hal_rcc.o" --specs=nano.specs -mfpu=fpv5-d16 -mfloat-abi=hard -mthumb -o "Drivers/STM32F7xx_HAL_Driver/stm32f7xx_hal_rcc.o"
arm-none-eabi-gcc "C:/Users/ddpat/STM32Cube/Repository/STM32Cube_FW_F7_V1.17.2/Drivers/STM32F7xx_HAL_Driver/Src/stm32f7xx_hal_rcc_ex.c" -mcpu=cortex-m7 -std=gnu11 -g3 -DDEBUG -DUSE_HAL_DRIVER -DSTM32F767xx -c -I../Core/Inc -IC:/Users/ddpat/STM32Cube/Repository/STM32Cube_FW_F7_V1.17.2/Drivers/STM32F7xx_HAL_Driver/Inc -IC:/Users/ddpat/STM32Cube/Repository/STM32Cube_FW_F7_V1.17.2/Drivers/STM32F7xx_HAL_Driver/Inc/Legacy -IC:/Users/ddpat/STM32Cube/Repository/STM32Cube_FW_F7_V1.17.2/Drivers/CMSIS/Device/ST/STM32F7xx/Include -IC:/Users/ddpat/STM32Cube/Repository/STM32Cube_FW_F7_V1.17.2/Drivers/CMSIS/Include -O0 -ffunction-sections -fdata-sections -Wall -fstack-usage -fcyclomatic-complexity -MMD -MP -MF"Drivers/STM32F7xx_HAL_Driver/stm32f7xx_hal_rcc_ex.d" -MT"Drivers/STM32F7xx_HAL_Driver/stm32f7xx_hal_rcc_ex.o" --specs=nano.specs -mfpu=fpv5-d16 -mfloat-abi=hard -mthumb -o "Drivers/STM32F7xx_HAL_Driver/stm32f7xx_hal_rcc_ex.o"
arm-none-eabi-gcc "C:/Users/ddpat/STM32Cube/Repository/STM32Cube_FW_F7_V1.17.2/Drivers/STM32F7xx_HAL_Driver/Src/stm32f7xx_hal_rng.c" -mcpu=cortex-m7 -std=gnu11 -g3 -DDEBUG -DUSE_HAL_DRIVER -DSTM32F767xx -c -I../Core/Inc -IC:/Users/ddpat/STM32Cube/Repository/STM32Cube_FW_F7_V1.17.2/Drivers/STM32F7xx_HAL_Driver/Inc -IC:/Users/ddpat/STM32Cube/Repository/STM32Cube_FW_F7_V1.17.2/Drivers/STM32F7xx_HAL_Driver/Inc/Legacy -IC:/Users/ddpat/STM32Cube/Repository/STM32Cube_FW_F7_V1.17.2/Drivers/CMSIS/Device/ST/STM32F7xx/Include -IC:/Users/ddpat/STM32Cube/Repository/STM32Cube_FW_F7_V1.17.2/Drivers/CMSIS/Include -O0 -ffunction-sections -fdata-sections -Wall -fstack-usage -fcyclomatic-complexity -MMD -MP -MF"Drivers/STM32F7xx_HAL_Driver/stm32f7xx_hal_rng.d" -MT"Drivers/STM32F7xx_HAL_Driver/stm32f7xx_hal_rng.o" --specs=nano.specs -mfpu=fpv5-d16 -mfloat-abi=hard -mthumb -o "Drivers/STM32F7xx_HAL_Driver/stm32f7xx_hal_rng.o"
arm-none-eabi-gcc "C:/Users/ddpat/STM32Cube/Repository/STM32Cube_FW_F7_V1.17.2/Drivers/STM32F7xx_HAL_Driver/Src/stm32f7xx_hal_spi.c" -mcpu=cortex-m7 -std=gnu11 -g3 -DDEBUG -DUSE_HAL_DRIVER -DSTM32F767xx -c -I../Core/Inc -IC:/Users/ddpat/STM32Cube/Repository/STM32Cube_FW_F7_V1.17.2/Drivers/STM32F7xx_HAL_Driver/Inc -IC:/Users/ddpat/STM32Cube/Repository/STM32Cube_FW_F7_V1.17.2/Drivers/STM32F7xx_HAL_Driver/Inc/Legacy -IC:/Users/ddpat/STM32Cube/Repository/STM32Cube_FW_F7_V1.17.2/Drivers/CMSIS/Device/ST/STM32F7xx/Include -IC:/Users/ddpat/STM32Cube/Repository/STM32Cube_FW_F7_V1.17.2/Drivers/CMSIS/Include -O0 -ffunction-sections -fdata-sections -Wall -fstack-usage -fcyclomatic-complexity -MMD -MP -MF"Drivers/STM32F7xx_HAL_Driver/stm32f7xx_hal_spi.d" -MT"Drivers/STM32F7xx_HAL_Driver/stm32f7xx_hal_spi.o" --specs=nano.specs -mfpu=fpv5-d16 -mfloat-abi=hard -mthumb -o "Drivers/STM32F7xx_HAL_Driver/stm32f7xx_hal_spi.o"
arm-none-eabi-gcc "C:/Users/ddpat/STM32Cube/Repository/STM32Cube_FW_F7_V1.17.2/Drivers/STM32F7xx_HAL_Driver/Src/stm32f7xx_hal_spi_ex.c" -mcpu=cortex-m7 -std=gnu11 -g3 -DDEBUG -DUSE_HAL_DRIVER -DSTM32F767xx -c -I../Core/Inc -IC:/Users/ddpat/STM32Cube/Repository/STM32Cube_FW_F7_V1.17.2/Drivers/STM32F7xx_HAL_Driver/Inc -IC:/Users/ddpat/STM32Cube/Repository/STM32Cube_FW_F7_V1.17.2/Drivers/STM32F7xx_HAL_Driver/Inc/Legacy -IC:/Users/ddpat/STM32Cube/Repository/STM32Cube_FW_F7_V1.17.2/Drivers/CMSIS/Device/ST/STM32F7xx/Include -IC:/Users/ddpat/STM32Cube/Repository/STM32Cube_FW_F7_V1.17.2/Drivers/CMSIS/Include -O0 -ffunction-sections -fdata-sections -Wall -fstack-usage -fcyclomatic-complexity -MMD -MP -MF"Drivers/STM32F7xx_HAL_Driver/stm32f7xx_hal_spi_ex.d" -MT"Drivers/STM32F7xx_HAL_Driver/stm32f7xx_hal_spi_ex.o" --specs=nano.specs -mfpu=fpv5-d16 -mfloat-abi=hard -mthumb -o "Drivers/STM32F7xx_HAL_Driver/stm32f7xx_hal_spi_ex.o"
arm-none-eabi-gcc "C:/Users/ddpat/STM32Cube/Repository/STM32Cube_FW_F7_V1.17.2/Drivers/STM32F7xx_HAL_Driver/Src/stm32f7xx_hal_tim.c" -mcpu=cortex-m7 -std=gnu11 -g3 -DDEBUG -DUSE_HAL_DRIVER -DSTM32F767xx -c -I../Core/Inc -IC:/Users/ddpat/STM32Cube/Repository/STM32Cube_FW_F7_V1.17.2/Drivers/STM32F7xx_HAL_Driver/Inc -IC:/Users/ddpat/STM32Cube/Repository/STM32Cube_FW_F7_V1.17.2/Drivers/STM32F7xx_HAL_Driver/Inc/Legacy -IC:/Users/ddpat/STM32Cube/Repository/STM32Cube_FW_F7_V1.17.2/Drivers/CMSIS/Device/ST/STM32F7xx/Include -IC:/Users/ddpat/STM32Cube/Repository/STM32Cube_FW_F7_V1.17.2/Drivers/CMSIS/Include -O0 -ffunction-sections -fdata-sections -Wall -fstack-usage -fcyclomatic-complexity -MMD -MP -MF"Drivers/STM32F7xx_HAL_Driver/stm32f7xx_hal_tim.d" -MT"Drivers/STM32F7xx_HAL_Driver/stm32f7xx_hal_tim.o" --specs=nano.specs -mfpu=fpv5-d16 -mfloat-abi=hard -mthumb -o "Drivers/STM32F7xx_HAL_Driver/stm32f7xx_hal_tim.o"
arm-none-eabi-gcc "C:/Users/ddpat/STM32Cube/Repository/STM32Cube_FW_F7_V1.17.2/Drivers/STM32F7xx_HAL_Driver/Src/stm32f7xx_hal_tim_ex.c" -mcpu=cortex-m7 -std=gnu11 -g3 -DDEBUG -DUSE_HAL_DRIVER -DSTM32F767xx -c -I../Core/Inc -IC:/Users/ddpat/STM32Cube/Repository/STM32Cube_FW_F7_V1.17.2/Drivers/STM32F7xx_HAL_Driver/Inc -IC:/Users/ddpat/STM32Cube/Repository/STM32Cube_FW_F7_V1.17.2/Drivers/STM32F7xx_HAL_Driver/Inc/Legacy -IC:/Users/ddpat/STM32Cube/Repository/STM32Cube_FW_F7_V1.17.2/Drivers/CMSIS/Device/ST/STM32F7xx/Include -IC:/Users/ddpat/STM32Cube/Repository/STM32Cube_FW_F7_V1.17.2/Drivers/CMSIS/Include -O0 -ffunction-sections -fdata-sections -Wall -fstack-usage -fcyclomatic-complexity -MMD -MP -MF"Drivers/STM32F7xx_HAL_Driver/stm32f7xx_hal_tim_ex.d" -MT"Drivers/STM32F7xx_HAL_Driver/stm32f7xx_hal_tim_ex.o" --specs=nano.specs -mfpu=fpv5-d16 -mfloat-abi=hard -mthumb -o "Drivers/STM32F7xx_HAL_Driver/stm32f7xx_hal_tim_ex.o"
arm-none-eabi-gcc -mcpu=cortex-m7 -g3 -DDEBUG -c -x assembler-with-cpp -MMD -MP -MF"Core/Startup/startup_stm32f767zitx.d" -MT"Core/Startup/startup_stm32f767zitx.o" --specs=nano.specs -mfpu=fpv5-d16 -mfloat-abi=hard -mthumb -o "Core/Startup/startup_stm32f767zitx.o" "../Core/Startup/startup_stm32f767zitx.s"
arm-none-eabi-gcc "../Core/Src/main.c" -mcpu=cortex-m7 -std=gnu11 -g3 -DDEBUG -DUSE_HAL_DRIVER -DSTM32F767xx -c -I../Core/Inc -IC:/Users/ddpat/STM32Cube/Repository/STM32Cube_FW_F7_V1.17.2/Drivers/STM32F7xx_HAL_Driver/Inc -IC:/Users/ddpat/STM32Cube/Repository/STM32Cube_FW_F7_V1.17.2/Drivers/STM32F7xx_HAL_Driver/Inc/Legacy -IC:/Users/ddpat/STM32Cube/Repository/STM32Cube_FW_F7_V1.17.2/Drivers/CMSIS/Device/ST/STM32F7xx/Include -IC:/Users/ddpat/STM32Cube/Repository/STM32Cube_FW_F7_V1.17.2/Drivers/CMSIS/Include -O0 -ffunction-sections -fdata-sections -Wall -fstack-usage -fcyclomatic-complexity -MMD -MP -MF"Core/Src/main.d" -MT"Core/Src/main.o" --specs=nano.specs -mfpu=fpv5-d16 -mfloat-abi=hard -mthumb -o "Core/Src/main.o"
arm-none-eabi-gcc "../Core/Src/stm32f7xx_hal_msp.c" -mcpu=cortex-m7 -std=gnu11 -g3 -DDEBUG -DUSE_HAL_DRIVER -DSTM32F767xx -c -I../Core/Inc -IC:/Users/ddpat/STM32Cube/Repository/STM32Cube_FW_F7_V1.17.2/Drivers/STM32F7xx_HAL_Driver/Inc -IC:/Users/ddpat/STM32Cube/Repository/STM32Cube_FW_F7_V1.17.2/Drivers/STM32F7xx_HAL_Driver/Inc/Legacy -IC:/Users/ddpat/STM32Cube/Repository/STM32Cube_FW_F7_V1.17.2/Drivers/CMSIS/Device/ST/STM32F7xx/Include -IC:/Users/ddpat/STM32Cube/Repository/STM32Cube_FW_F7_V1.17.2/Drivers/CMSIS/Include -O0 -ffunction-sections -fdata-sections -Wall -fstack-usage -fcyclomatic-complexity -MMD -MP -MF"Core/Src/stm32f7xx_hal_msp.d" -MT"Core/Src/stm32f7xx_hal_msp.o" --specs=nano.specs -mfpu=fpv5-d16 -mfloat-abi=hard -mthumb -o "Core/Src/stm32f7xx_hal_msp.o"
arm-none-eabi-gcc "../Core/Src/stm32f7xx_it.c" -mcpu=cortex-m7 -std=gnu11 -g3 -DDEBUG -DUSE_HAL_DRIVER -DSTM32F767xx -c -I../Core/Inc -IC:/Users/ddpat/STM32Cube/Repository/STM32Cube_FW_F7_V1.17.2/Drivers/STM32F7xx_HAL_Driver/Inc -IC:/Users/ddpat/STM32Cube/Repository/STM32Cube_FW_F7_V1.17.2/Drivers/STM32F7xx_HAL_Driver/Inc/Legacy -IC:/Users/ddpat/STM32Cube/Repository/STM32Cube_FW_F7_V1.17.2/Drivers/CMSIS/Device/ST/STM32F7xx/Include -IC:/Users/ddpat/STM32Cube/Repository/STM32Cube_FW_F7_V1.17.2/Drivers/CMSIS/Include -O0 -ffunction-sections -fdata-sections -Wall -fstack-usage -fcyclomatic-complexity -MMD -MP -MF"Core/Src/stm32f7xx_it.d" -MT"Core/Src/stm32f7xx_it.o" --specs=nano.specs -mfpu=fpv5-d16 -mfloat-abi=hard -mthumb -o "Core/Src/stm32f7xx_it.o"
arm-none-eabi-gcc "../Core/Src/syscalls.c" -mcpu=cortex-m7 -std=gnu11 -g3 -DDEBUG -DUSE_HAL_DRIVER -DSTM32F767xx -c -I../Core/Inc -IC:/Users/ddpat/STM32Cube/Repository/STM32Cube_FW_F7_V1.17.2/Drivers/STM32F7xx_HAL_Driver/Inc -IC:/Users/ddpat/STM32Cube/Repository/STM32Cube_FW_F7_V1.17.2/Drivers/STM32F7xx_HAL_Driver/Inc/Legacy -IC:/Users/ddpat/STM32Cube/Repository/STM32Cube_FW_F7_V1.17.2/Drivers/CMSIS/Device/ST/STM32F7xx/Include -IC:/Users/ddpat/STM32Cube/Repository/STM32Cube_FW_F7_V1.17.2/Drivers/CMSIS/Include -O0 -ffunction-sections -fdata-sections -Wall -fstack-usage -fcyclomatic-complexity -MMD -MP -MF"Core/Src/syscalls.d" -MT"Core/Src/syscalls.o" --specs=nano.specs -mfpu=fpv5-d16 -mfloat-abi=hard -mthumb -o "Core/Src/syscalls.o"
arm-none-eabi-gcc "../Core/Src/sysmem.c" -mcpu=cortex-m7 -std=gnu11 -g3 -DDEBUG -DUSE_HAL_DRIVER -DSTM32F767xx -c -I../Core/Inc -IC:/Users/ddpat/STM32Cube/Repository/STM32Cube_FW_F7_V1.17.2/Drivers/STM32F7xx_HAL_Driver/Inc -IC:/Users/ddpat/STM32Cube/Repository/STM32Cube_FW_F7_V1.17.2/Drivers/STM32F7xx_HAL_Driver/Inc/Legacy -IC:/Users/ddpat/STM32Cube/Repository/STM32Cube_FW_F7_V1.17.2/Drivers/CMSIS/Device/ST/STM32F7xx/Include -IC:/Users/ddpat/STM32Cube/Repository/STM32Cube_FW_F7_V1.17.2/Drivers/CMSIS/Include -O0 -ffunction-sections -fdata-sections -Wall -fstack-usage -fcyclomatic-complexity -MMD -MP -MF"Core/Src/sysmem.d" -MT"Core/Src/sysmem.o" --specs=nano.specs -mfpu=fpv5-d16 -mfloat-abi=hard -mthumb -o "Core/Src/sysmem.o"
arm-none-eabi-gcc "../Core/Src/system_stm32f7xx.c" -mcpu=cortex-m7 -std=gnu11 -g3 -DDEBUG -DUSE_HAL_DRIVER -DSTM32F767xx -c -I../Core/Inc -IC:/Users/ddpat/STM32Cube/Repository/STM32Cube_FW_F7_V1.17.2/Drivers/STM32F7xx_HAL_Driver/Inc -IC:/Users/ddpat/STM32Cube/Repository/STM32Cube_FW_F7_V1.17.2/Drivers/STM32F7xx_HAL_Driver/Inc/Legacy -IC:/Users/ddpat/STM32Cube/Repository/STM32Cube_FW_F7_V1.17.2/Drivers/CMSIS/Device/ST/STM32F7xx/Include -IC:/Users/ddpat/STM32Cube/Repository/STM32Cube_FW_F7_V1.17.2/Drivers/CMSIS/Include -O0 -ffunction-sections -fdata-sections -Wall -fstack-usage -fcyclomatic-complexity -MMD -MP -MF"Core/Src/system_stm32f7xx.d" -MT"Core/Src/system_stm32f7xx.o" --specs=nano.specs -mfpu=fpv5-d16 -mfloat-abi=hard -mthumb -o "Core/Src/system_stm32f7xx.o"
arm-none-eabi-gcc -o "lcd1.elf" @"objects.list"   -mcpu=cortex-m7 -T"D:\stm32\LCD\lcd1\STM32F767ZITX_FLASH.ld" --specs=nosys.specs -Wl,-Map="lcd1.map" -Wl,--gc-sections -static --specs=nano.specs -mfpu=fpv5-d16 -mfloat-abi=hard -mthumb -Wl,--start-group -lc -lm -Wl,--end-group
Finished building target: lcd1.elf
 
arm-none-eabi-size  lcd1.elf 
arm-none-eabi-objdump -h -S lcd1.elf  > "lcd1.list"
   text	   data	    bss	    dec	    hex	filename
  16300	     12	   1916	  18228	   4734	lcd1.elf
Finished building: default.size.stdout
 
Finished building: lcd1.list
 
03:41:44 **** Incremental Build of configuration Debug for project lcd1 ****
make -j12 all 
arm-none-eabi-gcc "../Drivers/ILI9341/ILI9341_GFX.c" -mcpu=cortex-m7 -std=gnu11 -g3 -DDEBUG -DUSE_HAL_DRIVER -DSTM32F767xx -c -I../Core/Inc -IC:/Users/ddpat/STM32Cube/Repository/STM32Cube_FW_F7_V1.17.2/Drivers/STM32F7xx_HAL_Driver/Inc -IC:/Users/ddpat/STM32Cube/Repository/STM32Cube_FW_F7_V1.17.2/Drivers/STM32F7xx_HAL_Driver/Inc/Legacy -IC:/Users/ddpat/STM32Cube/Repository/STM32Cube_FW_F7_V1.17.2/Drivers/CMSIS/Device/ST/STM32F7xx/Include -IC:/Users/ddpat/STM32Cube/Repository/STM32Cube_FW_F7_V1.17.2/Drivers/CMSIS/Include -O0 -ffunction-sections -fdata-sections -Wall -fstack-usage -fcyclomatic-complexity -MMD -MP -MF"Drivers/ILI9341/ILI9341_GFX.d" -MT"Drivers/ILI9341/ILI9341_GFX.o" --specs=nano.specs -mfpu=fpv5-d16 -mfloat-abi=hard -mthumb -o "Drivers/ILI9341/ILI9341_GFX.o"
arm-none-eabi-gcc "../Drivers/ILI9341/ILI9341_STM32_Driver.c" -mcpu=cortex-m7 -std=gnu11 -g3 -DDEBUG -DUSE_HAL_DRIVER -DSTM32F767xx -c -I../Core/Inc -IC:/Users/ddpat/STM32Cube/Repository/STM32Cube_FW_F7_V1.17.2/Drivers/STM32F7xx_HAL_Driver/Inc -IC:/Users/ddpat/STM32Cube/Repository/STM32Cube_FW_F7_V1.17.2/Drivers/STM32F7xx_HAL_Driver/Inc/Legacy -IC:/Users/ddpat/STM32Cube/Repository/STM32Cube_FW_F7_V1.17.2/Drivers/CMSIS/Device/ST/STM32F7xx/Include -IC:/Users/ddpat/STM32Cube/Repository/STM32Cube_FW_F7_V1.17.2/Drivers/CMSIS/Include -O0 -ffunction-sections -fdata-sections -Wall -fstack-usage -fcyclomatic-complexity -MMD -MP -MF"Drivers/ILI9341/ILI9341_STM32_Driver.d" -MT"Drivers/ILI9341/ILI9341_STM32_Driver.o" --specs=nano.specs -mfpu=fpv5-d16 -mfloat-abi=hard -mthumb -o "Drivers/ILI9341/ILI9341_STM32_Driver.o"
arm-none-eabi-gcc "../Drivers/ILI9341/ILI9341_Touchscreen.c" -mcpu=cortex-m7 -std=gnu11 -g3 -DDEBUG -DUSE_HAL_DRIVER -DSTM32F767xx -c -I../Core/Inc -IC:/Users/ddpat/STM32Cube/Repository/STM32Cube_FW_F7_V1.17.2/Drivers/STM32F7xx_HAL_Driver/Inc -IC:/Users/ddpat/STM32Cube/Repository/STM32Cube_FW_F7_V1.17.2/Drivers/STM32F7xx_HAL_Driver/Inc/Legacy -IC:/Users/ddpat/STM32Cube/Repository/STM32Cube_FW_F7_V1.17.2/Drivers/CMSIS/Device/ST/STM32F7xx/Include -IC:/Users/ddpat/STM32Cube/Repository/STM32Cube_FW_F7_V1.17.2/Drivers/CMSIS/Include -O0 -ffunction-sections -fdata-sections -Wall -fstack-usage -fcyclomatic-complexity -MMD -MP -MF"Drivers/ILI9341/ILI9341_Touchscreen.d" -MT"Drivers/ILI9341/ILI9341_Touchscreen.o" --specs=nano.specs -mfpu=fpv5-d16 -mfloat-abi=hard -mthumb -o "Drivers/ILI9341/ILI9341_Touchscreen.o"
In file included from ../Drivers/ILI9341/ILI9341_STM32_Driver.c:84:
../Drivers/ILI9341/ILI9341_STM32_Driver.c: In function 'ILI9341_SPI_Send':
../Drivers/ILI9341/ILI9341_STM32_Driver.h:94:74: error: 'hspi5' undeclared (first use in this function)
   94 | #define HSPI_INSTANCE                                                   &hspi5
      |                                                                          ^~~~~
../Drivers/ILI9341/ILI9341_STM32_Driver.c:102:18: note: in expansion of macro 'HSPI_INSTANCE'
  102 | HAL_SPI_Transmit(HSPI_INSTANCE, &SPI_Data, 1, 1);
      |                  ^~~~~~~~~~~~~
../Drivers/ILI9341/ILI9341_STM32_Driver.h:94:74: note: each undeclared identifier is reported only once for each function it appears in
   94 | #define HSPI_INSTANCE                                                   &hspi5
      |                                                                          ^~~~~
../Drivers/ILI9341/ILI9341_STM32_Driver.c:102:18: note: in expansion of macro 'HSPI_INSTANCE'
  102 | HAL_SPI_Transmit(HSPI_INSTANCE, &SPI_Data, 1, 1);
      |                  ^~~~~~~~~~~~~
In file included from ../Drivers/ILI9341/ILI9341_GFX.c:48:
../Drivers/ILI9341/ILI9341_GFX.c: In function 'ILI9341_Draw_Image':
../Drivers/ILI9341/ILI9341_STM32_Driver.h:94:74: error: 'hspi5' undeclared (first use in this function)
   94 | #define HSPI_INSTANCE                                                   &hspi5
      |                                                                          ^~~~~
../Drivers/ILI9341/ILI9341_GFX.c:292:50: note: in expansion of macro 'HSPI_INSTANCE'
  292 |                                 HAL_SPI_Transmit(HSPI_INSTANCE, (unsigned char*)Temp_small_buffer, BURST_MAX_SIZE, 10);
      |                                                  ^~~~~~~~~~~~~
../Drivers/ILI9341/ILI9341_STM32_Driver.c: In function 'ILI9341_Draw_Colour':
../Drivers/ILI9341/ILI9341_STM32_Driver.h:94:74: error: 'hspi5' undeclared (first use in this function)
   94 | #define HSPI_INSTANCE                                                   &hspi5
      |                                                                          ^~~~~
../Drivers/ILI9341/ILI9341_STM32_Driver.c:341:18: note: in expansion of macro 'HSPI_INSTANCE'
  341 | HAL_SPI_Transmit(HSPI_INSTANCE, TempBuffer, 2, 1);
      |                  ^~~~~~~~~~~~~
../Drivers/ILI9341/ILI9341_STM32_Driver.h:94:74: note: each undeclared identifier is reported only once for each function it appears in
   94 | #define HSPI_INSTANCE                                                   &hspi5
      |                                                                          ^~~~~
../Drivers/ILI9341/ILI9341_GFX.c:292:50: note: in expansion of macro 'HSPI_INSTANCE'
  292 |                                 HAL_SPI_Transmit(HSPI_INSTANCE, (unsigned char*)Temp_small_buffer, BURST_MAX_SIZE, 10);
      |                                                  ^~~~~~~~~~~~~
../Drivers/ILI9341/ILI9341_STM32_Driver.c: In function 'ILI9341_Draw_Colour_Burst':
../Drivers/ILI9341/ILI9341_STM32_Driver.h:94:74: error: 'hspi5' undeclared (first use in this function)
   94 | #define HSPI_INSTANCE                                                   &hspi5
      |                                                                          ^~~~~
../Drivers/ILI9341/ILI9341_STM32_Driver.c:379:34: note: in expansion of macro 'HSPI_INSTANCE'
  379 |                 HAL_SPI_Transmit(HSPI_INSTANCE, (unsigned char *)burst_buffer, Buffer_Size, 10);
      |                                  ^~~~~~~~~~~~~
../Drivers/ILI9341/ILI9341_STM32_Driver.c: In function 'ILI9341_Draw_Pixel':
../Drivers/ILI9341/ILI9341_STM32_Driver.h:94:74: error: 'hspi5' undeclared (first use in this function)
   94 | #define HSPI_INSTANCE                                                   &hspi5
      |                                                                          ^~~~~
../Drivers/ILI9341/ILI9341_STM32_Driver.c:417:18: note: in expansion of macro 'HSPI_INSTANCE'
  417 | HAL_SPI_Transmit(HSPI_INSTANCE, Temp_Buffer, 4, 1);
      |                  ^~~~~~~~~~~~~
make: *** [Drivers/ILI9341/subdir.mk:25: Drivers/ILI9341/ILI9341_GFX.o] Error 1
make: *** Waiting for unfinished jobs....
make: *** [Drivers/ILI9341/subdir.mk:25: Drivers/ILI9341/ILI9341_STM32_Driver.o] Error 1
"make -j12 all" terminated with exit code 2. Build might be incomplete.
03:42:57 **** Incremental Build of configuration Debug for project lcd1 ****
make -j12 all 
arm-none-eabi-gcc "../Drivers/ILI9341/ILI9341_GFX.c" -mcpu=cortex-m7 -std=gnu11 -g3 -DDEBUG -DUSE_HAL_DRIVER -DSTM32F767xx -c -I../Core/Inc -IC:/Users/ddpat/STM32Cube/Repository/STM32Cube_FW_F7_V1.17.2/Drivers/STM32F7xx_HAL_Driver/Inc -IC:/Users/ddpat/STM32Cube/Repository/STM32Cube_FW_F7_V1.17.2/Drivers/STM32F7xx_HAL_Driver/Inc/Legacy -IC:/Users/ddpat/STM32Cube/Repository/STM32Cube_FW_F7_V1.17.2/Drivers/CMSIS/Device/ST/STM32F7xx/Include -IC:/Users/ddpat/STM32Cube/Repository/STM32Cube_FW_F7_V1.17.2/Drivers/CMSIS/Include -O0 -ffunction-sections -fdata-sections -Wall -fstack-usage -fcyclomatic-complexity -MMD -MP -MF"Drivers/ILI9341/ILI9341_GFX.d" -MT"Drivers/ILI9341/ILI9341_GFX.o" --specs=nano.specs -mfpu=fpv5-d16 -mfloat-abi=hard -mthumb -o "Drivers/ILI9341/ILI9341_GFX.o"
arm-none-eabi-gcc "../Drivers/ILI9341/ILI9341_STM32_Driver.c" -mcpu=cortex-m7 -std=gnu11 -g3 -DDEBUG -DUSE_HAL_DRIVER -DSTM32F767xx -c -I../Core/Inc -IC:/Users/ddpat/STM32Cube/Repository/STM32Cube_FW_F7_V1.17.2/Drivers/STM32F7xx_HAL_Driver/Inc -IC:/Users/ddpat/STM32Cube/Repository/STM32Cube_FW_F7_V1.17.2/Drivers/STM32F7xx_HAL_Driver/Inc/Legacy -IC:/Users/ddpat/STM32Cube/Repository/STM32Cube_FW_F7_V1.17.2/Drivers/CMSIS/Device/ST/STM32F7xx/Include -IC:/Users/ddpat/STM32Cube/Repository/STM32Cube_FW_F7_V1.17.2/Drivers/CMSIS/Include -O0 -ffunction-sections -fdata-sections -Wall -fstack-usage -fcyclomatic-complexity -MMD -MP -MF"Drivers/ILI9341/ILI9341_STM32_Driver.d" -MT"Drivers/ILI9341/ILI9341_STM32_Driver.o" --specs=nano.specs -mfpu=fpv5-d16 -mfloat-abi=hard -mthumb -o "Drivers/ILI9341/ILI9341_STM32_Driver.o"
arm-none-eabi-gcc "../Drivers/ILI9341/ILI9341_Touchscreen.c" -mcpu=cortex-m7 -std=gnu11 -g3 -DDEBUG -DUSE_HAL_DRIVER -DSTM32F767xx -c -I../Core/Inc -IC:/Users/ddpat/STM32Cube/Repository/STM32Cube_FW_F7_V1.17.2/Drivers/STM32F7xx_HAL_Driver/Inc -IC:/Users/ddpat/STM32Cube/Repository/STM32Cube_FW_F7_V1.17.2/Drivers/STM32F7xx_HAL_Driver/Inc/Legacy -IC:/Users/ddpat/STM32Cube/Repository/STM32Cube_FW_F7_V1.17.2/Drivers/CMSIS/Device/ST/STM32F7xx/Include -IC:/Users/ddpat/STM32Cube/Repository/STM32Cube_FW_F7_V1.17.2/Drivers/CMSIS/Include -O0 -ffunction-sections -fdata-sections -Wall -fstack-usage -fcyclomatic-complexity -MMD -MP -MF"Drivers/ILI9341/ILI9341_Touchscreen.d" -MT"Drivers/ILI9341/ILI9341_Touchscreen.o" --specs=nano.specs -mfpu=fpv5-d16 -mfloat-abi=hard -mthumb -o "Drivers/ILI9341/ILI9341_Touchscreen.o"
arm-none-eabi-gcc "../Core/Src/main.c" -mcpu=cortex-m7 -std=gnu11 -g3 -DDEBUG -DUSE_HAL_DRIVER -DSTM32F767xx -c -I../Core/Inc -IC:/Users/ddpat/STM32Cube/Repository/STM32Cube_FW_F7_V1.17.2/Drivers/STM32F7xx_HAL_Driver/Inc -IC:/Users/ddpat/STM32Cube/Repository/STM32Cube_FW_F7_V1.17.2/Drivers/STM32F7xx_HAL_Driver/Inc/Legacy -IC:/Users/ddpat/STM32Cube/Repository/STM32Cube_FW_F7_V1.17.2/Drivers/CMSIS/Device/ST/STM32F7xx/Include -IC:/Users/ddpat/STM32Cube/Repository/STM32Cube_FW_F7_V1.17.2/Drivers/CMSIS/Include -O0 -ffunction-sections -fdata-sections -Wall -fstack-usage -fcyclomatic-complexity -MMD -MP -MF"Core/Src/main.d" -MT"Core/Src/main.o" --specs=nano.specs -mfpu=fpv5-d16 -mfloat-abi=hard -mthumb -o "Core/Src/main.o"
arm-none-eabi-gcc "../Core/Src/stm32f7xx_hal_msp.c" -mcpu=cortex-m7 -std=gnu11 -g3 -DDEBUG -DUSE_HAL_DRIVER -DSTM32F767xx -c -I../Core/Inc -IC:/Users/ddpat/STM32Cube/Repository/STM32Cube_FW_F7_V1.17.2/Drivers/STM32F7xx_HAL_Driver/Inc -IC:/Users/ddpat/STM32Cube/Repository/STM32Cube_FW_F7_V1.17.2/Drivers/STM32F7xx_HAL_Driver/Inc/Legacy -IC:/Users/ddpat/STM32Cube/Repository/STM32Cube_FW_F7_V1.17.2/Drivers/CMSIS/Device/ST/STM32F7xx/Include -IC:/Users/ddpat/STM32Cube/Repository/STM32Cube_FW_F7_V1.17.2/Drivers/CMSIS/Include -O0 -ffunction-sections -fdata-sections -Wall -fstack-usage -fcyclomatic-complexity -MMD -MP -MF"Core/Src/stm32f7xx_hal_msp.d" -MT"Core/Src/stm32f7xx_hal_msp.o" --specs=nano.specs -mfpu=fpv5-d16 -mfloat-abi=hard -mthumb -o "Core/Src/stm32f7xx_hal_msp.o"
arm-none-eabi-gcc "../Core/Src/stm32f7xx_it.c" -mcpu=cortex-m7 -std=gnu11 -g3 -DDEBUG -DUSE_HAL_DRIVER -DSTM32F767xx -c -I../Core/Inc -IC:/Users/ddpat/STM32Cube/Repository/STM32Cube_FW_F7_V1.17.2/Drivers/STM32F7xx_HAL_Driver/Inc -IC:/Users/ddpat/STM32Cube/Repository/STM32Cube_FW_F7_V1.17.2/Drivers/STM32F7xx_HAL_Driver/Inc/Legacy -IC:/Users/ddpat/STM32Cube/Repository/STM32Cube_FW_F7_V1.17.2/Drivers/CMSIS/Device/ST/STM32F7xx/Include -IC:/Users/ddpat/STM32Cube/Repository/STM32Cube_FW_F7_V1.17.2/Drivers/CMSIS/Include -O0 -ffunction-sections -fdata-sections -Wall -fstack-usage -fcyclomatic-complexity -MMD -MP -MF"Core/Src/stm32f7xx_it.d" -MT"Core/Src/stm32f7xx_it.o" --specs=nano.specs -mfpu=fpv5-d16 -mfloat-abi=hard -mthumb -o "Core/Src/stm32f7xx_it.o"
arm-none-eabi-gcc -o "lcd1.elf" @"objects.list"   -mcpu=cortex-m7 -T"D:\stm32\LCD\lcd1\STM32F767ZITX_FLASH.ld" --specs=nosys.specs -Wl,-Map="lcd1.map" -Wl,--gc-sections -static --specs=nano.specs -mfpu=fpv5-d16 -mfloat-abi=hard -mthumb -Wl,--start-group -lc -lm -Wl,--end-group
Finished building target: lcd1.elf
 
arm-none-eabi-size  lcd1.elf 
arm-none-eabi-objdump -h -S lcd1.elf  > "lcd1.list"
   text	   data	    bss	    dec	    hex	filename
  16300	     12	   1916	  18228	   4734	lcd1.elf
Finished building: default.size.stdout
 
Finished building: lcd1.list
 
03:46:23 **** Incremental Build of configuration Debug for project lcd1 ****
make -j12 all 
arm-none-eabi-gcc "../Core/Src/main.c" -mcpu=cortex-m7 -std=gnu11 -g3 -DDEBUG -DUSE_HAL_DRIVER -DSTM32F767xx -c -I../Core/Inc -IC:/Users/ddpat/STM32Cube/Repository/STM32Cube_FW_F7_V1.17.2/Drivers/STM32F7xx_HAL_Driver/Inc -IC:/Users/ddpat/STM32Cube/Repository/STM32Cube_FW_F7_V1.17.2/Drivers/STM32F7xx_HAL_Driver/Inc/Legacy -IC:/Users/ddpat/STM32Cube/Repository/STM32Cube_FW_F7_V1.17.2/Drivers/CMSIS/Device/ST/STM32F7xx/Include -IC:/Users/ddpat/STM32Cube/Repository/STM32Cube_FW_F7_V1.17.2/Drivers/CMSIS/Include -O0 -ffunction-sections -fdata-sections -Wall -fstack-usage -fcyclomatic-complexity -MMD -MP -MF"Core/Src/main.d" -MT"Core/Src/main.o" --specs=nano.specs -mfpu=fpv5-d16 -mfloat-abi=hard -mthumb -o "Core/Src/main.o"
../Core/Src/main.c:24:10: fatal error: ILI9341_Touchscreen.h: No such file or directory
   24 | #include "ILI9341_Touchscreen.h"
      |          ^~~~~~~~~~~~~~~~~~~~~~~
compilation terminated.
make: *** [Core/Src/subdir.mk:34: Core/Src/main.o] Error 1
"make -j12 all" terminated with exit code 2. Build might be incomplete.
03:47:00 **** Incremental Build of configuration Debug for project lcd1 ****
make -j12 all 
arm-none-eabi-gcc "../Core/Src/main.c" -mcpu=cortex-m7 -std=gnu11 -g3 -DDEBUG -DUSE_HAL_DRIVER -DSTM32F767xx -c -I../Core/Inc -I"D:/stm32/LCD/lcd1/Drivers/ILI9341" -IC:/Users/ddpat/STM32Cube/Repository/STM32Cube_FW_F7_V1.17.2/Drivers/STM32F7xx_HAL_Driver/Inc -IC:/Users/ddpat/STM32Cube/Repository/STM32Cube_FW_F7_V1.17.2/Drivers/STM32F7xx_HAL_Driver/Inc/Legacy -IC:/Users/ddpat/STM32Cube/Repository/STM32Cube_FW_F7_V1.17.2/Drivers/CMSIS/Device/ST/STM32F7xx/Include -IC:/Users/ddpat/STM32Cube/Repository/STM32Cube_FW_F7_V1.17.2/Drivers/CMSIS/Include -O0 -ffunction-sections -fdata-sections -Wall -fstack-usage -fcyclomatic-complexity -MMD -MP -MF"Core/Src/main.d" -MT"Core/Src/main.o" --specs=nano.specs -mfpu=fpv5-d16 -mfloat-abi=hard -mthumb -o "Core/Src/main.o"
arm-none-eabi-gcc "../Core/Src/stm32f7xx_hal_msp.c" -mcpu=cortex-m7 -std=gnu11 -g3 -DDEBUG -DUSE_HAL_DRIVER -DSTM32F767xx -c -I../Core/Inc -IC:/Users/ddpat/STM32Cube/Repository/STM32Cube_FW_F7_V1.17.2/Drivers/STM32F7xx_HAL_Driver/Inc -IC:/Users/ddpat/STM32Cube/Repository/STM32Cube_FW_F7_V1.17.2/Drivers/STM32F7xx_HAL_Driver/Inc/Legacy -IC:/Users/ddpat/STM32Cube/Repository/STM32Cube_FW_F7_V1.17.2/Drivers/CMSIS/Device/ST/STM32F7xx/Include -IC:/Users/ddpat/STM32Cube/Repository/STM32Cube_FW_F7_V1.17.2/Drivers/CMSIS/Include -O0 -ffunction-sections -fdata-sections -Wall -fstack-usage -fcyclomatic-complexity -MMD -MP -MF"Core/Src/stm32f7xx_hal_msp.d" -MT"Core/Src/stm32f7xx_hal_msp.o" --specs=nano.specs -mfpu=fpv5-d16 -mfloat-abi=hard -mthumb -o "Core/Src/stm32f7xx_hal_msp.o"
arm-none-eabi-gcc "../Core/Src/stm32f7xx_it.c" -mcpu=cortex-m7 -std=gnu11 -g3 -DDEBUG -DUSE_HAL_DRIVER -DSTM32F767xx -c -I../Core/Inc -IC:/Users/ddpat/STM32Cube/Repository/STM32Cube_FW_F7_V1.17.2/Drivers/STM32F7xx_HAL_Driver/Inc -IC:/Users/ddpat/STM32Cube/Repository/STM32Cube_FW_F7_V1.17.2/Drivers/STM32F7xx_HAL_Driver/Inc/Legacy -IC:/Users/ddpat/STM32Cube/Repository/STM32Cube_FW_F7_V1.17.2/Drivers/CMSIS/Device/ST/STM32F7xx/Include -IC:/Users/ddpat/STM32Cube/Repository/STM32Cube_FW_F7_V1.17.2/Drivers/CMSIS/Include -O0 -ffunction-sections -fdata-sections -Wall -fstack-usage -fcyclomatic-complexity -MMD -MP -MF"Core/Src/stm32f7xx_it.d" -MT"Core/Src/stm32f7xx_it.o" --specs=nano.specs -mfpu=fpv5-d16 -mfloat-abi=hard -mthumb -o "Core/Src/stm32f7xx_it.o"
arm-none-eabi-gcc "../Core/Src/syscalls.c" -mcpu=cortex-m7 -std=gnu11 -g3 -DDEBUG -DUSE_HAL_DRIVER -DSTM32F767xx -c -I../Core/Inc -IC:/Users/ddpat/STM32Cube/Repository/STM32Cube_FW_F7_V1.17.2/Drivers/STM32F7xx_HAL_Driver/Inc -IC:/Users/ddpat/STM32Cube/Repository/STM32Cube_FW_F7_V1.17.2/Drivers/STM32F7xx_HAL_Driver/Inc/Legacy -IC:/Users/ddpat/STM32Cube/Repository/STM32Cube_FW_F7_V1.17.2/Drivers/CMSIS/Device/ST/STM32F7xx/Include -IC:/Users/ddpat/STM32Cube/Repository/STM32Cube_FW_F7_V1.17.2/Drivers/CMSIS/Include -O0 -ffunction-sections -fdata-sections -Wall -fstack-usage -fcyclomatic-complexity -MMD -MP -MF"Core/Src/syscalls.d" -MT"Core/Src/syscalls.o" --specs=nano.specs -mfpu=fpv5-d16 -mfloat-abi=hard -mthumb -o "Core/Src/syscalls.o"
arm-none-eabi-gcc "../Core/Src/sysmem.c" -mcpu=cortex-m7 -std=gnu11 -g3 -DDEBUG -DUSE_HAL_DRIVER -DSTM32F767xx -c -I../Core/Inc -IC:/Users/ddpat/STM32Cube/Repository/STM32Cube_FW_F7_V1.17.2/Drivers/STM32F7xx_HAL_Driver/Inc -IC:/Users/ddpat/STM32Cube/Repository/STM32Cube_FW_F7_V1.17.2/Drivers/STM32F7xx_HAL_Driver/Inc/Legacy -IC:/Users/ddpat/STM32Cube/Repository/STM32Cube_FW_F7_V1.17.2/Drivers/CMSIS/Device/ST/STM32F7xx/Include -IC:/Users/ddpat/STM32Cube/Repository/STM32Cube_FW_F7_V1.17.2/Drivers/CMSIS/Include -O0 -ffunction-sections -fdata-sections -Wall -fstack-usage -fcyclomatic-complexity -MMD -MP -MF"Core/Src/sysmem.d" -MT"Core/Src/sysmem.o" --specs=nano.specs -mfpu=fpv5-d16 -mfloat-abi=hard -mthumb -o "Core/Src/sysmem.o"
arm-none-eabi-gcc "../Core/Src/system_stm32f7xx.c" -mcpu=cortex-m7 -std=gnu11 -g3 -DDEBUG -DUSE_HAL_DRIVER -DSTM32F767xx -c -I../Core/Inc -IC:/Users/ddpat/STM32Cube/Repository/STM32Cube_FW_F7_V1.17.2/Drivers/STM32F7xx_HAL_Driver/Inc -IC:/Users/ddpat/STM32Cube/Repository/STM32Cube_FW_F7_V1.17.2/Drivers/STM32F7xx_HAL_Driver/Inc/Legacy -IC:/Users/ddpat/STM32Cube/Repository/STM32Cube_FW_F7_V1.17.2/Drivers/CMSIS/Device/ST/STM32F7xx/Include -IC:/Users/ddpat/STM32Cube/Repository/STM32Cube_FW_F7_V1.17.2/Drivers/CMSIS/Include -O0 -ffunction-sections -fdata-sections -Wall -fstack-usage -fcyclomatic-complexity -MMD -MP -MF"Core/Src/system_stm32f7xx.d" -MT"Core/Src/system_stm32f7xx.o" --specs=nano.specs -mfpu=fpv5-d16 -mfloat-abi=hard -mthumb -o "Core/Src/system_stm32f7xx.o"
In file included from ../Core/Inc/stm32f7xx_hal_conf.h:411,
                 from C:/Users/ddpat/STM32Cube/Repository/STM32Cube_FW_F7_V1.17.2/Drivers/STM32F7xx_HAL_Driver/Inc/stm32f7xx_hal.h:29,
                 from ../Core/Inc/main.h:30,
                 from ../Core/Src/main.c:20:
../Core/Src/main.c: In function 'PWM_SetDutyCycle':
../Core/Src/main.c:94:61: error: 'htim2' undeclared (first use in this function); did you mean 'htim1'?
   94 |         uint32_t pulse = (duty * (__HAL_TIM_GET_AUTORELOAD(&htim2))) / 100;
      |                                                             ^~~~~
C:/Users/ddpat/STM32Cube/Repository/STM32Cube_FW_F7_V1.17.2/Drivers/STM32F7xx_HAL_Driver/Inc/stm32f7xx_hal_tim.h:1457:49: note: in definition of macro '__HAL_TIM_GET_AUTORELOAD'
 1457 | #define __HAL_TIM_GET_AUTORELOAD(__HANDLE__)  ((__HANDLE__)->Instance->ARR)
      |                                                 ^~~~~~~~~~
../Core/Src/main.c:94:61: note: each undeclared identifier is reported only once for each function it appears in
   94 |         uint32_t pulse = (duty * (__HAL_TIM_GET_AUTORELOAD(&htim2))) / 100;
      |                                                             ^~~~~
C:/Users/ddpat/STM32Cube/Repository/STM32Cube_FW_F7_V1.17.2/Drivers/STM32F7xx_HAL_Driver/Inc/stm32f7xx_hal_tim.h:1457:49: note: in definition of macro '__HAL_TIM_GET_AUTORELOAD'
 1457 | #define __HAL_TIM_GET_AUTORELOAD(__HANDLE__)  ((__HANDLE__)->Instance->ARR)
      |                                                 ^~~~~~~~~~
../Core/Src/main.c: In function 'main':
../Core/Src/main.c:131:24: error: 'htim2' undeclared (first use in this function); did you mean 'htim1'?
  131 |     HAL_TIM_PWM_Start(&htim2, TIM_CHANNEL_1);
      |                        ^~~~~
      |                        htim1
make: *** [Core/Src/subdir.mk:34: Core/Src/main.o] Error 1
make: *** Waiting for unfinished jobs....
"make -j12 all" terminated with exit code 2. Build might be incomplete.
03:48:44 **** Incremental Build of configuration Debug for project lcd1 ****
make -j12 all 
arm-none-eabi-gcc "../Core/Src/main.c" -mcpu=cortex-m7 -std=gnu11 -g3 -DDEBUG -DUSE_HAL_DRIVER -DSTM32F767xx -c -I../Core/Inc -I"D:/stm32/LCD/lcd1/Drivers/ILI9341" -IC:/Users/ddpat/STM32Cube/Repository/STM32Cube_FW_F7_V1.17.2/Drivers/STM32F7xx_HAL_Driver/Inc -IC:/Users/ddpat/STM32Cube/Repository/STM32Cube_FW_F7_V1.17.2/Drivers/STM32F7xx_HAL_Driver/Inc/Legacy -IC:/Users/ddpat/STM32Cube/Repository/STM32Cube_FW_F7_V1.17.2/Drivers/CMSIS/Device/ST/STM32F7xx/Include -IC:/Users/ddpat/STM32Cube/Repository/STM32Cube_FW_F7_V1.17.2/Drivers/CMSIS/Include -O0 -ffunction-sections -fdata-sections -Wall -fstack-usage -fcyclomatic-complexity -MMD -MP -MF"Core/Src/main.d" -MT"Core/Src/main.o" --specs=nano.specs -mfpu=fpv5-d16 -mfloat-abi=hard -mthumb -o "Core/Src/main.o"
arm-none-eabi-gcc "../Core/Src/stm32f7xx_hal_msp.c" -mcpu=cortex-m7 -std=gnu11 -g3 -DDEBUG -DUSE_HAL_DRIVER -DSTM32F767xx -c -I../Core/Inc -IC:/Users/ddpat/STM32Cube/Repository/STM32Cube_FW_F7_V1.17.2/Drivers/STM32F7xx_HAL_Driver/Inc -IC:/Users/ddpat/STM32Cube/Repository/STM32Cube_FW_F7_V1.17.2/Drivers/STM32F7xx_HAL_Driver/Inc/Legacy -IC:/Users/ddpat/STM32Cube/Repository/STM32Cube_FW_F7_V1.17.2/Drivers/CMSIS/Device/ST/STM32F7xx/Include -IC:/Users/ddpat/STM32Cube/Repository/STM32Cube_FW_F7_V1.17.2/Drivers/CMSIS/Include -O0 -ffunction-sections -fdata-sections -Wall -fstack-usage -fcyclomatic-complexity -MMD -MP -MF"Core/Src/stm32f7xx_hal_msp.d" -MT"Core/Src/stm32f7xx_hal_msp.o" --specs=nano.specs -mfpu=fpv5-d16 -mfloat-abi=hard -mthumb -o "Core/Src/stm32f7xx_hal_msp.o"
../Core/Src/main.c:24:10: fatal error: ILI9341_Touchscreen.h: No such file or directory
   24 | #include "ILI9341_Touchscreen.h"
      |          ^~~~~~~~~~~~~~~~~~~~~~~
compilation terminated.
make: *** [Core/Src/subdir.mk:34: Core/Src/main.o] Error 1
make: *** Waiting for unfinished jobs....
"make -j12 all" terminated with exit code 2. Build might be incomplete.
03:50:04 **** Incremental Build of configuration Debug for project lcd1 ****
make -j12 all 
arm-none-eabi-gcc "../Core/Src/main.c" -mcpu=cortex-m7 -std=gnu11 -g3 -DDEBUG -DUSE_HAL_DRIVER -DSTM32F767xx -c -I../Core/Inc -I"D:/stm32/LCD/lcd1/Drivers/ILI9341" -IC:/Users/ddpat/STM32Cube/Repository/STM32Cube_FW_F7_V1.17.2/Drivers/STM32F7xx_HAL_Driver/Inc -IC:/Users/ddpat/STM32Cube/Repository/STM32Cube_FW_F7_V1.17.2/Drivers/STM32F7xx_HAL_Driver/Inc/Legacy -IC:/Users/ddpat/STM32Cube/Repository/STM32Cube_FW_F7_V1.17.2/Drivers/CMSIS/Device/ST/STM32F7xx/Include -IC:/Users/ddpat/STM32Cube/Repository/STM32Cube_FW_F7_V1.17.2/Drivers/CMSIS/Include -O0 -ffunction-sections -fdata-sections -Wall -fstack-usage -fcyclomatic-complexity -MMD -MP -MF"Core/Src/main.d" -MT"Core/Src/main.o" --specs=nano.specs -mfpu=fpv5-d16 -mfloat-abi=hard -mthumb -o "Core/Src/main.o"
../Core/Src/main.c:24:10: fatal error: ILI9341_Touchscreen.h: No such file or directory
   24 | #include "ILI9341_Touchscreen.h"
      |          ^~~~~~~~~~~~~~~~~~~~~~~
compilation terminated.
make: *** [Core/Src/subdir.mk:34: Core/Src/main.o] Error 1
"make -j12 all" terminated with exit code 2. Build might be incomplete.
03:50:45 **** Incremental Build of configuration Debug for project lcd1 ****
make -j12 all 
arm-none-eabi-gcc "../Drivers/ILI9341/ILI9341_GFX.c" -mcpu=cortex-m7 -std=gnu11 -g3 -DDEBUG -DUSE_HAL_DRIVER -DSTM32F767xx -c -I../Core/Inc -IC:/Users/ddpat/STM32Cube/Repository/STM32Cube_FW_F7_V1.17.2/Drivers/STM32F7xx_HAL_Driver/Inc -IC:/Users/ddpat/STM32Cube/Repository/STM32Cube_FW_F7_V1.17.2/Drivers/STM32F7xx_HAL_Driver/Inc/Legacy -IC:/Users/ddpat/STM32Cube/Repository/STM32Cube_FW_F7_V1.17.2/Drivers/CMSIS/Device/ST/STM32F7xx/Include -IC:/Users/ddpat/STM32Cube/Repository/STM32Cube_FW_F7_V1.17.2/Drivers/CMSIS/Include -O0 -ffunction-sections -fdata-sections -Wall -fstack-usage -fcyclomatic-complexity -MMD -MP -MF"Drivers/ILI9341/ILI9341_GFX.d" -MT"Drivers/ILI9341/ILI9341_GFX.o" --specs=nano.specs -mfpu=fpv5-d16 -mfloat-abi=hard -mthumb -o "Drivers/ILI9341/ILI9341_GFX.o"
arm-none-eabi-gcc "../Drivers/ILI9341/ILI9341_STM32_Driver.c" -mcpu=cortex-m7 -std=gnu11 -g3 -DDEBUG -DUSE_HAL_DRIVER -DSTM32F767xx -c -I../Core/Inc -IC:/Users/ddpat/STM32Cube/Repository/STM32Cube_FW_F7_V1.17.2/Drivers/STM32F7xx_HAL_Driver/Inc -IC:/Users/ddpat/STM32Cube/Repository/STM32Cube_FW_F7_V1.17.2/Drivers/STM32F7xx_HAL_Driver/Inc/Legacy -IC:/Users/ddpat/STM32Cube/Repository/STM32Cube_FW_F7_V1.17.2/Drivers/CMSIS/Device/ST/STM32F7xx/Include -IC:/Users/ddpat/STM32Cube/Repository/STM32Cube_FW_F7_V1.17.2/Drivers/CMSIS/Include -O0 -ffunction-sections -fdata-sections -Wall -fstack-usage -fcyclomatic-complexity -MMD -MP -MF"Drivers/ILI9341/ILI9341_STM32_Driver.d" -MT"Drivers/ILI9341/ILI9341_STM32_Driver.o" --specs=nano.specs -mfpu=fpv5-d16 -mfloat-abi=hard -mthumb -o "Drivers/ILI9341/ILI9341_STM32_Driver.o"
arm-none-eabi-gcc "../Drivers/ILI9341/ILI9341_Touchscreen.c" -mcpu=cortex-m7 -std=gnu11 -g3 -DDEBUG -DUSE_HAL_DRIVER -DSTM32F767xx -c -I../Core/Inc -IC:/Users/ddpat/STM32Cube/Repository/STM32Cube_FW_F7_V1.17.2/Drivers/STM32F7xx_HAL_Driver/Inc -IC:/Users/ddpat/STM32Cube/Repository/STM32Cube_FW_F7_V1.17.2/Drivers/STM32F7xx_HAL_Driver/Inc/Legacy -IC:/Users/ddpat/STM32Cube/Repository/STM32Cube_FW_F7_V1.17.2/Drivers/CMSIS/Device/ST/STM32F7xx/Include -IC:/Users/ddpat/STM32Cube/Repository/STM32Cube_FW_F7_V1.17.2/Drivers/CMSIS/Include -O0 -ffunction-sections -fdata-sections -Wall -fstack-usage -fcyclomatic-complexity -MMD -MP -MF"Drivers/ILI9341/ILI9341_Touchscreen.d" -MT"Drivers/ILI9341/ILI9341_Touchscreen.o" --specs=nano.specs -mfpu=fpv5-d16 -mfloat-abi=hard -mthumb -o "Drivers/ILI9341/ILI9341_Touchscreen.o"
arm-none-eabi-gcc "../Core/Src/main.c" -mcpu=cortex-m7 -std=gnu11 -g3 -DDEBUG -DUSE_HAL_DRIVER -DSTM32F767xx -c -I../Core/Inc -I"D:/stm32/LCD/lcd1/Drivers/ILI9341" -IC:/Users/ddpat/STM32Cube/Repository/STM32Cube_FW_F7_V1.17.2/Drivers/STM32F7xx_HAL_Driver/Inc -IC:/Users/ddpat/STM32Cube/Repository/STM32Cube_FW_F7_V1.17.2/Drivers/STM32F7xx_HAL_Driver/Inc/Legacy -IC:/Users/ddpat/STM32Cube/Repository/STM32Cube_FW_F7_V1.17.2/Drivers/CMSIS/Device/ST/STM32F7xx/Include -IC:/Users/ddpat/STM32Cube/Repository/STM32Cube_FW_F7_V1.17.2/Drivers/CMSIS/Include -O0 -ffunction-sections -fdata-sections -Wall -fstack-usage -fcyclomatic-complexity -MMD -MP -MF"Core/Src/main.d" -MT"Core/Src/main.o" --specs=nano.specs -mfpu=fpv5-d16 -mfloat-abi=hard -mthumb -o "Core/Src/main.o"
arm-none-eabi-gcc -o "lcd1.elf" @"objects.list"   -mcpu=cortex-m7 -T"D:\stm32\LCD\lcd1\STM32F767ZITX_FLASH.ld" --specs=nosys.specs -Wl,-Map="lcd1.map" -Wl,--gc-sections -static --specs=nano.specs -mfpu=fpv5-d16 -mfloat-abi=hard -mthumb -Wl,--start-group -lc -lm -Wl,--end-group
Finished building target: lcd1.elf
 
arm-none-eabi-size  lcd1.elf 
arm-none-eabi-objdump -h -S lcd1.elf  > "lcd1.list"
   text	   data	    bss	    dec	    hex	filename
  20884	     20	   1996	  22900	   5974	lcd1.elf
Finished building: default.size.stdout
 
Finished building: lcd1.list
 
03:54:06 **** Incremental Build of configuration Debug for project lcd1 ****
make -j12 all 
arm-none-eabi-size  lcd1.elf 
   text	   data	    bss	    dec	    hex	filename
  20884	     20	   1996	  22900	   5974	lcd1.elf
Finished building: default.size.stdout
 
