../Core/Src/main.c:95:6:PWM_SetDutyCycle	24	static
../Core/Src/main.c:91:5:main	24	static
../Core/Src/main.c:177:6:SystemClock_Config	88	static
../Core/Src/main.c:232:13:MX_ADC1_Init	24	static
../Core/Src/main.c:284:13:MX_I2C1_Init	8	static
../Core/Src/main.c:332:13:MX_RNG_Init	8	static
../Core/Src/main.c:358:13:MX_SPI5_Init	8	static
../Core/Src/main.c:398:13:MX_TIM1_Init	40	static
../Core/Src/main.c:445:13:MX_TIM2_Init	64	static
../Core/Src/main.c:504:13:MX_GPIO_Init	48	static
../Core/Src/main.c:553:6:MPU_Config	24	static
../Core/Src/main.c:584:6:Error_Handler	4	static,ignoring_inline_asm
